// Jest Snapshot v1, https://goo.gl/fbAQLP

exports[`Pruebas en componente <primeraApp/> debe de mostrar <PrimeraApp/> correctamente 1`] = `
<Fragment>
  <h1>
    Hola, soy Goku
  </h1>
  <p>
    Soy el subt√≠tulo
  </p>
</Fragment>
`;
